[36m--[0m Using CATKIN_DEVEL_PREFIX: /home/niitsuma/catkin_ws/devel/.private/my_realsense_demo
[36m--[0m Using CMAKE_PREFIX_PATH: /home/niitsuma/catkin_ws/devel;/opt/ros/noetic
[36m--[0m This workspace overlays: /home/niitsuma/catkin_ws/devel;/opt/ros/noetic
[36m--[0m Found PythonInterp: /usr/bin/python3 (found suitable version "3.8.10", minimum required is "3")
[36m--[0m Using PYTHON_EXECUTABLE: /usr/bin/python3
[36m--[0m Using Debian Python package layout
[36m--[0m Using empy: /usr/lib/python3/dist-packages/em.py
[36m--[0m Using CATKIN_ENABLE_TESTING: ON
[36m--[0m Call enable_testing()
[36m--[0m Using CATKIN_TEST_RESULTS_DIR: /home/niitsuma/catkin_ws/build/my_realsense_demo/test_results
[36m--[0m Forcing gtest/gmock from source, though one was otherwise available.
[36m--[0m Found gtest sources under '/usr/src/googletest': gtests will be built
[36m--[0m Found gmock sources under '/usr/src/googletest': gmock will be built
[36m--[0m Found PythonInterp: /usr/bin/python3 (found version "3.8.10")
[36m--[0m Using Python nosetests: /usr/bin/nosetests3
[36m--[0m catkin 0.8.10
[36m--[0m BUILD_SHARED_LIBS is on
[36m--[0m Installing devel-space wrapper /home/niitsuma/catkin_ws/src/my_realsense_demo/scripts/face_recognizer_ros.py to /home/niitsuma/catkin_ws/devel/.private/my_realsense_demo/lib/my_realsense_demo
[36m--[0m Installing devel-space wrapper /home/niitsuma/catkin_ws/src/my_realsense_demo/scripts/face_recognizer_republish.py to /home/niitsuma/catkin_ws/devel/.private/my_realsense_demo/lib/my_realsense_demo
[36m--[0m Configuring done
[36m--[0m Generating done
[36m--[0m Build files have been written to: /home/niitsuma/catkin_ws/build/my_realsense_demo
