[36m--[0m Using CATKIN_DEVEL_PREFIX: /home/niitsuma/catkin_ws/devel/.private/my_realsense_demo
[36m--[0m Using CMAKE_PREFIX_PATH: /home/niitsuma/catkin_ws/devel;/opt/ros/noetic
[36m--[0m This workspace overlays: /home/niitsuma/catkin_ws/devel;/opt/ros/noetic
[36m--[0m Found PythonInterp: /usr/bin/python3 (found suitable version "3.8.10", minimum required is "3")
[36m--[0m Using PYTHON_EXECUTABLE: /usr/bin/python3
[36m--[0m Using Debian Python package layout
[36m--[0m Using empy: /usr/lib/python3/dist-packages/em.py
[36m--[0m Using CATKIN_ENABLE_TESTING: ON
[36m--[0m Call enable_testing()
[36m--[0m Using CATKIN_TEST_RESULTS_DIR: /home/niitsuma/catkin_ws/build/my_realsense_demo/test_results
[36m--[0m Forcing gtest/gmock from source, though one was otherwise available.
[36m--[0m Found gtest sources under '/usr/src/googletest': gtests will be built
[36m--[0m Found gmock sources under '/usr/src/googletest': gmock will be built
[36m--[0m Found PythonInterp: /usr/bin/python3 (found version "3.8.10")
[36m--[0m Using Python nosetests: /usr/bin/nosetests3
[36m--[0m catkin 0.8.10
[36m--[0m BUILD_SHARED_LIBS is on
[31m[1mCMake Error[0m at /opt/ros/noetic/share/catkin/cmake/catkin_install_python.cmake:86 (message):
  catkin_install_python() called with non-existing file
  '/home/niitsuma/catkin_ws/src/my_realsense_demo/scripts/face_recognizer_ros.py'.
[36mCall Stack (most recent call first):[0m
  CMakeLists.txt:19 (catkin_install_python)


[36m--[0m Configuring incomplete, errors occurred!
See also "/home/niitsuma/catkin_ws/build/my_realsense_demo/CMakeFiles/CMakeOutput.log".
See also "/home/niitsuma/catkin_ws/build/my_realsense_demo/CMakeFiles/CMakeError.log".
make: *** [Makefile:670：cmake_check_build_system] 错误 1
