[36m--[0m Using CATKIN_DEVEL_PREFIX: /home/pi/catkin_ws/devel/.private/lightrover_navigation
[36m--[0m Using CMAKE_PREFIX_PATH: /home/pi/catkin_ws/devel;/opt/ros/noetic
[36m--[0m This workspace overlays: /home/pi/catkin_ws/devel;/opt/ros/noetic
[36m--[0m Found PythonInterp: /usr/bin/python3 (found suitable version "3.8.10", minimum required is "3")
[36m--[0m Using PYTHON_EXECUTABLE: /usr/bin/python3
[36m--[0m Using Debian Python package layout
[36m--[0m Using empy: /usr/lib/python3/dist-packages/em.py
[36m--[0m Using CATKIN_ENABLE_TESTING: ON
[36m--[0m Call enable_testing()
[36m--[0m Using CATKIN_TEST_RESULTS_DIR: /home/pi/catkin_ws/build/lightrover_navigation/test_results
[36m--[0m Forcing gtest/gmock from source, though one was otherwise available.
[36m--[0m Found gtest sources under '/usr/src/googletest': gtests will be built
[36m--[0m Found gmock sources under '/usr/src/googletest': gmock will be built
[36m--[0m Found PythonInterp: /usr/bin/python3 (found version "3.8.10")
[36m--[0m Using Python nosetests: /usr/bin/nosetests3
[36m--[0m catkin 0.8.10
[36m--[0m BUILD_SHARED_LIBS is on
[36m--[0m Installing devel-space wrapper /home/pi/catkin_ws/src/lightrover_navigation/scripts/safety_controller_node.py to /home/pi/catkin_ws/devel/.private/lightrover_navigation/lib/lightrover_navigation
[36m--[0m Installing devel-space wrapper /home/pi/catkin_ws/src/lightrover_navigation/scripts/vl53l0x_publisher.py to /home/pi/catkin_ws/devel/.private/lightrover_navigation/lib/lightrover_navigation
[36m--[0m Installing devel-space wrapper /home/pi/catkin_ws/src/lightrover_navigation/scripts/edge_detector.py to /home/pi/catkin_ws/devel/.private/lightrover_navigation/lib/lightrover_navigation
[36m--[0m Installing devel-space wrapper /home/pi/catkin_ws/src/lightrover_navigation/scripts/edge_obstacle_dual_publisher.py to /home/pi/catkin_ws/devel/.private/lightrover_navigation/lib/lightrover_navigation
[31m[1mCMake Error[0m at /opt/ros/noetic/share/catkin/cmake/catkin_install_python.cmake:86 (message):
  catkin_install_python() called with non-existing file
  '/home/pi/catkin_ws/src/lightrover_navigation/scripts/edge_avoidance_controller.py'.
[36mCall Stack (most recent call first):[0m
  CMakeLists.txt:163 (catkin_install_python)


[36m--[0m Configuring incomplete, errors occurred!
See also "/home/pi/catkin_ws/build/lightrover_navigation/CMakeFiles/CMakeOutput.log".
See also "/home/pi/catkin_ws/build/lightrover_navigation/CMakeFiles/CMakeError.log".
make: *** [Makefile:530: cmake_check_build_system] Error 1
