Symlinking /home/pi/catkin_ws/devel/include/realsense2_camera/DeviceInfoResponse.h
Symlinking /home/pi/catkin_ws/devel/include/realsense2_camera/Extrinsics.h
Symlinking /home/pi/catkin_ws/devel/include/realsense2_camera/DeviceInfo.h
Symlinking /home/pi/catkin_ws/devel/include/realsense2_camera/Metadata.h
Symlinking /home/pi/catkin_ws/devel/include/realsense2_camera/IMUInfo.h
Symlinking /home/pi/catkin_ws/devel/include/realsense2_camera/DeviceInfoRequest.h
Symlinking /home/pi/catkin_ws/devel/lib/librealsense2_camera.so
Symlinking /home/pi/catkin_ws/devel/lib/pkgconfig/realsense2_camera.pc
Symlinking /home/pi/catkin_ws/devel/lib/python3/dist-packages/realsense2_camera/__init__.py
Symlinking /home/pi/catkin_ws/devel/lib/python3/dist-packages/realsense2_camera/msg/_IMUInfo.py
Symlinking /home/pi/catkin_ws/devel/lib/python3/dist-packages/realsense2_camera/msg/_Extrinsics.py
Symlinking /home/pi/catkin_ws/devel/lib/python3/dist-packages/realsense2_camera/msg/_Metadata.py
Symlinking /home/pi/catkin_ws/devel/lib/python3/dist-packages/realsense2_camera/msg/__init__.py
Symlinking /home/pi/catkin_ws/devel/lib/python3/dist-packages/realsense2_camera/srv/__init__.py
Symlinking /home/pi/catkin_ws/devel/lib/python3/dist-packages/realsense2_camera/srv/_DeviceInfo.py
Symlinking /home/pi/catkin_ws/devel/share/roseus/ros/realsense2_camera/manifest.l
Symlinking /home/pi/catkin_ws/devel/share/roseus/ros/realsense2_camera/msg/Extrinsics.l
Symlinking /home/pi/catkin_ws/devel/share/roseus/ros/realsense2_camera/msg/IMUInfo.l
Symlinking /home/pi/catkin_ws/devel/share/roseus/ros/realsense2_camera/msg/Metadata.l
Symlinking /home/pi/catkin_ws/devel/share/roseus/ros/realsense2_camera/srv/DeviceInfo.l
Symlinking /home/pi/catkin_ws/devel/share/common-lisp/ros/realsense2_camera/msg/_package_IMUInfo.lisp
Symlinking /home/pi/catkin_ws/devel/share/common-lisp/ros/realsense2_camera/msg/_package.lisp
Symlinking /home/pi/catkin_ws/devel/share/common-lisp/ros/realsense2_camera/msg/Metadata.lisp
Symlinking /home/pi/catkin_ws/devel/share/common-lisp/ros/realsense2_camera/msg/Extrinsics.lisp
Symlinking /home/pi/catkin_ws/devel/share/common-lisp/ros/realsense2_camera/msg/IMUInfo.lisp
Symlinking /home/pi/catkin_ws/devel/share/common-lisp/ros/realsense2_camera/msg/_package_Metadata.lisp
Symlinking /home/pi/catkin_ws/devel/share/common-lisp/ros/realsense2_camera/msg/realsense2_camera-msg.asd
Symlinking /home/pi/catkin_ws/devel/share/common-lisp/ros/realsense2_camera/msg/_package_Extrinsics.lisp
Symlinking /home/pi/catkin_ws/devel/share/common-lisp/ros/realsense2_camera/srv/_package.lisp
Symlinking /home/pi/catkin_ws/devel/share/common-lisp/ros/realsense2_camera/srv/realsense2_camera-srv.asd
Symlinking /home/pi/catkin_ws/devel/share/common-lisp/ros/realsense2_camera/srv/DeviceInfo.lisp
Symlinking /home/pi/catkin_ws/devel/share/common-lisp/ros/realsense2_camera/srv/_package_DeviceInfo.lisp
Symlinking /home/pi/catkin_ws/devel/share/gennodejs/ros/realsense2_camera/_index.js
Symlinking /home/pi/catkin_ws/devel/share/gennodejs/ros/realsense2_camera/msg/Metadata.js
Symlinking /home/pi/catkin_ws/devel/share/gennodejs/ros/realsense2_camera/msg/IMUInfo.js
Symlinking /home/pi/catkin_ws/devel/share/gennodejs/ros/realsense2_camera/msg/_index.js
Symlinking /home/pi/catkin_ws/devel/share/gennodejs/ros/realsense2_camera/msg/Extrinsics.js
Symlinking /home/pi/catkin_ws/devel/share/gennodejs/ros/realsense2_camera/srv/_index.js
Symlinking /home/pi/catkin_ws/devel/share/gennodejs/ros/realsense2_camera/srv/DeviceInfo.js
Symlinking /home/pi/catkin_ws/devel/share/realsense2_camera/cmake/realsense2_camera-msg-paths.cmake
Symlinking /home/pi/catkin_ws/devel/share/realsense2_camera/cmake/realsense2_camera-msg-extras.cmake
Symlinking /home/pi/catkin_ws/devel/share/realsense2_camera/cmake/realsense2_cameraConfig.cmake
Symlinking /home/pi/catkin_ws/devel/share/realsense2_camera/cmake/realsense2_cameraConfig-version.cmake
